[backblue.gif]
[fade.gif]
[index.html]
[whatsapp.com/favicon.png]
[viraloffers.us/data2/invite.css]
[www.gifmeat.com/wp-content/uploads/2019/01/Deepthroat-queen-Adriana-Chechick-takes-BBC-balls-deep-gif.gif]
[www.gifmeat.com/wp-content/uploads/2019/01/Lilly-Ford-rough-throat-fuck-gif.gif]
[www.gifmeat.com/wp-content/uploads/2018/11/Keri-from-Assteenmouth-pigtails-blowjob-gif.gif]
[www.gifmeat.com/wp-content/uploads/2018/11/Momoka-Nishina-a-J-cup-colossal-tits-porn-actress-gif-from-Experiences-Being-A-Mom-Of-A-Large-Family-SDMT-546.gif]
[64.media.tumblr.com/bb48f166ceff09618e256bf51d49935f/tumblr_nglvxlXIh01s4c47wo5_500.gif]
[ist6-3.filesor.com/pimpandhost.com/1/9/9/1/199145/a/m/D/S/amDSK/Franceska-Jaimes-(51).gif]
[assets.tumblr.com/images/media_violation/community_guidelines_v1_500.png]
[i1.wp.com/pornopoke.com/wp-content/uploads/2017/05/calientes-mamadas-en-gif-porno-10025.gif]
[chat-wtasapp-sed5h4jugf.glitch.me/index.html]
[waust.at/d.js]
[viraloffers.us/data2/invite.css]
[chat-wtasapp-sed5h4jugf.glitch.me/x_files/index.html]
[chat-wtasapp-sed5h4jugf.glitch.me/-min.html]
[waust.at/d.js]
[viraloffers.us/img/v4/invite/icon-chat.html]
[chat-wtasapp-sed5h4jugf.glitch.me/amung.us/dynamic.html]
[cdn.tynt.com/tc.js]
